── exportar → sidecar/entrenamiento/v1
{
 "etiqueta": "v1",
 "ejemplos": {
  "train": 1587,
  "val": 60
 },
 "hashes": {
  "train": "4d00a82f4df29fbb52bddcc6a860ad95a2eb057aa7f65ed411c5d776be0a06f5",
  "val": "fc807063675a201734c55e17fb0aa323b8b13fb7190c58c649705d936c732d62"
 },
 "descartes": {
  "solape_mismo_tipo": 40,
  "rel_sin_extremo": 45,
  "expandidas": 20,
  "titulo_separado": 5,
  "sin_entidades": 39,
  "rel_tipos_no_admitidos": 10
 },
 "positivos_por_predicado": {
  "ocupa el cargo": 595,
  "parte de": 298,
  "ubicado en": 175,
  "familiar de": 174,
  "cónyuge o pareja de": 170,
  "hermano de": 162,
  "trabaja en": 147,
  "aliado de": 130,
  "se reunió con": 94,
  "hijo de": 76,
  "apoyó a": 52,
  "citado en": 51,
  "padre o madre de": 41,
  "opositor de": 40,
  "aspira a": 34,
  "miembro de": 32,
  "dirige": 27,
  "nombró a": 22,
  "fundó": 11,
  "criticó a": 11,
  "destinado a": 10,
  "dueño de": 9,
  "asesor de": 8,
  "contrató a": 8,
  "financia a": 8,
  "donó a": 6,
  "investigado por": 6,
  "socio de": 6,
  "renunció a": 4,
  "sucedió a": 4,
  "autor de": 2,
  "sanciona con": 2,
  "demandó a": 1
 },
 "entidades_por_etiqueta": {
  "persona con nombre propio": 2783,
  "nombre de organización, institución, empresa o partido": 1558,
  "nombre propio de lugar": 930,
  "cargo público o título de un puesto": 899,
  "monto de dinero o cifra": 208,
  "título de libro, informe, periódico, revista o medio": 198,
  "nombre de ley, decreto, sentencia o norma jurídica": 154,
  "grupo genérico de personas": 110
 },
 "tokens_por_ejemplo": {
  "mediana": 61,
  "p95": 108
 },
 "fuentes": {
  "plata": 968,
  "oro": 679
 }
}

→ /Users/imontes/lsv/legajo/sidecar/entrenamiento/v1
{"ejemplos": {"train": 1587, "val": 60}, "fuentes": {"plata": 968, "oro": 679}, "descartes": {"solape_mismo_tipo": 40, "rel_sin_extremo": 45, "expandidas": 20, "titulo_separado": 5, "sin_entidades": 39, "rel_tipos_no_admitidos": 10}, "tokens_por_ejemplo": {"mediana": 61, "p95": 108}}
{'ocupa el cargo': 595, 'parte de': 298, 'ubicado en': 175, 'familiar de': 174, 'cónyuge o pareja de': 170, 'hermano de': 162, 'trabaja en': 147, 'aliado de': 130, 'se reunió con': 94, 'hijo de': 76, 'apoyó a': 52, 'citado en': 51, 'padre o madre de': 41, 'opositor de': 40, 'aspira a': 34, 'miembro de': 32, 'dirige': 27, 'nombró a': 22, 'fundó': 11, 'criticó a': 11, 'destinado a': 10, 'dueño de': 9, 'asesor de': 8, 'contrató a': 8, 'financia a': 8, 'donó a': 6, 'investigado por': 6, 'socio de': 6, 'renunció a': 4, 'sucedió a': 4, 'autor de': 2, 'sanciona con': 2, 'demandó a': 1}
── entrenar lr=5e-6 → sidecar/entrenamiento/v1/lr5e-6
1587 ejemplos de entrenamiento · 60 de validación → sidecar/entrenamiento/v1/lr5e-6
embeddings de vocabulario congelados: 192M parámetros
[transformers] warmup_ratio is deprecated and will be removed in v5.2. Use `warmup_steps` instead.
[transformers] The tokenizer has new PAD/BOS/EOS tokens that differ from the model config and generation config. The model config and generation config were aligned accordingly, being updated with the tokenizer's values. Updated tokens: {'eos_token_id': 2, 'bos_token_id': 1, 'pad_token_id': 0}.
  super().__init__(loader)
  super().__init__(loader)
  super().__init__(loader)
  super().__init__(loader)
entrenado en 10.1 min → sidecar/entrenamiento/v1/lr5e-6/final
{'loss': '38.44', 'grad_norm': '702.3', 'learning_rate': '1.125e-05', 'epoch': '0.09548'}
{'loss': '21.06', 'grad_norm': '254.6', 'learning_rate': '2.313e-05', 'epoch': '0.191'}
{'loss': '19.2', 'grad_norm': '441.7', 'learning_rate': '3.5e-05', 'epoch': '0.2864'}
{'loss': '16.64', 'grad_norm': '551', 'learning_rate': '4.688e-05', 'epoch': '0.3819'}
{'loss': '14.64', 'grad_norm': '259.4', 'learning_rate': '4.902e-05', 'epoch': '0.4774'}
{'loss': '15.94', 'grad_norm': '773.4', 'learning_rate': '4.768e-05', 'epoch': '0.5729'}
{'loss': '16.38', 'grad_norm': '283.3', 'learning_rate': '4.635e-05', 'epoch': '0.6683'}
{'loss': '15.12', 'grad_norm': '204.2', 'learning_rate': '4.501e-05', 'epoch': '0.7638'}
{'loss': '12.81', 'grad_norm': '655.1', 'learning_rate': '4.368e-05', 'epoch': '0.8593'}
{'loss': '16.54', 'grad_norm': '124.7', 'learning_rate': '4.235e-05', 'epoch': '0.9548'}
{'eval_loss': '26.38', 'eval_runtime': '1.723', 'eval_samples_per_second': '34.82', 'eval_steps_per_second': '4.642', 'epoch': '1'}
{'loss': '15.07', 'grad_norm': '189.7', 'learning_rate': '4.101e-05', 'epoch': '1.05'}
{'loss': '12.3', 'grad_norm': '189.6', 'learning_rate': '3.968e-05', 'epoch': '1.146'}
{'loss': '10.85', 'grad_norm': '191.7', 'learning_rate': '3.834e-05', 'epoch': '1.241'}
{'loss': '13.34', 'grad_norm': '102.2', 'learning_rate': '3.701e-05', 'epoch': '1.337'}
{'loss': '12.34', 'grad_norm': '117.7', 'learning_rate': '3.567e-05', 'epoch': '1.432'}
{'loss': '11.73', 'grad_norm': '691.4', 'learning_rate': '3.434e-05', 'epoch': '1.528'}
{'loss': '15.12', 'grad_norm': '381', 'learning_rate': '3.301e-05', 'epoch': '1.623'}
{'loss': '14.16', 'grad_norm': '1066', 'learning_rate': '3.167e-05', 'epoch': '1.719'}
{'loss': '13.61', 'grad_norm': '207.5', 'learning_rate': '3.034e-05', 'epoch': '1.814'}
{'loss': '13.81', 'grad_norm': '279.7', 'learning_rate': '2.9e-05', 'epoch': '1.91'}
{'eval_loss': '24.23', 'eval_runtime': '1.923', 'eval_samples_per_second': '31.2', 'eval_steps_per_second': '4.16', 'epoch': '2'}
{'loss': '11.19', 'grad_norm': '105.8', 'learning_rate': '2.767e-05', 'epoch': '2.005'}
{'loss': '9.466', 'grad_norm': '133.3', 'learning_rate': '2.633e-05', 'epoch': '2.101'}
{'loss': '11.94', 'grad_norm': '187.8', 'learning_rate': '2.5e-05', 'epoch': '2.196'}
{'loss': '14.52', 'grad_norm': '184.5', 'learning_rate': '2.367e-05', 'epoch': '2.291'}
{'loss': '10.6', 'grad_norm': '141.2', 'learning_rate': '2.233e-05', 'epoch': '2.387'}
{'loss': '9.632', 'grad_norm': '172.5', 'learning_rate': '2.1e-05', 'epoch': '2.482'}
{'loss': '13.92', 'grad_norm': '302.8', 'learning_rate': '1.966e-05', 'epoch': '2.578'}
{'loss': '11.38', 'grad_norm': '219.6', 'learning_rate': '1.833e-05', 'epoch': '2.673'}
{'loss': '11.04', 'grad_norm': '170.4', 'learning_rate': '1.699e-05', 'epoch': '2.769'}
{'loss': '13.55', 'grad_norm': '236.3', 'learning_rate': '1.566e-05', 'epoch': '2.864'}
{'loss': '8.659', 'grad_norm': '88.4', 'learning_rate': '1.433e-05', 'epoch': '2.96'}
{'eval_loss': '28', 'eval_runtime': '2.102', 'eval_samples_per_second': '28.54', 'eval_steps_per_second': '3.805', 'epoch': '3'}
{'loss': '10.78', 'grad_norm': '1150', 'learning_rate': '1.299e-05', 'epoch': '3.055'}
{'loss': '10.08', 'grad_norm': '226.5', 'learning_rate': '1.166e-05', 'epoch': '3.151'}
{'loss': '11.34', 'grad_norm': '226.3', 'learning_rate': '1.032e-05', 'epoch': '3.246'}
{'loss': '8.955', 'grad_norm': '164.9', 'learning_rate': '8.989e-06', 'epoch': '3.342'}
{'loss': '8.356', 'grad_norm': '146.4', 'learning_rate': '7.654e-06', 'epoch': '3.437'}
{'loss': '11.07', 'grad_norm': '169.9', 'learning_rate': '6.32e-06', 'epoch': '3.533'}
{'loss': '11.15', 'grad_norm': '364.3', 'learning_rate': '4.986e-06', 'epoch': '3.628'}
{'loss': '10.72', 'grad_norm': '200.2', 'learning_rate': '3.652e-06', 'epoch': '3.724'}
{'loss': '11.61', 'grad_norm': '152.2', 'learning_rate': '2.317e-06', 'epoch': '3.819'}
{'loss': '9.664', 'grad_norm': '68.82', 'learning_rate': '9.831e-07', 'epoch': '3.915'}
{'eval_loss': '23.96', 'eval_runtime': '1.914', 'eval_samples_per_second': '31.34', 'eval_steps_per_second': '4.179', 'epoch': '3.98'}
{'train_runtime': '604.1', 'train_samples_per_second': '10.49', 'train_steps_per_second': '1.311', 'train_loss': '13.34', 'epoch': '3.98'}
── entrenar lr=1e-5 → sidecar/entrenamiento/v1/lr1e-5
1587 ejemplos de entrenamiento · 60 de validación → sidecar/entrenamiento/v1/lr1e-5
embeddings de vocabulario congelados: 192M parámetros
[transformers] warmup_ratio is deprecated and will be removed in v5.2. Use `warmup_steps` instead.
[transformers] The tokenizer has new PAD/BOS/EOS tokens that differ from the model config and generation config. The model config and generation config were aligned accordingly, being updated with the tokenizer's values. Updated tokens: {'eos_token_id': 2, 'bos_token_id': 1, 'pad_token_id': 0}.
  super().__init__(loader)
  super().__init__(loader)
  super().__init__(loader)
  super().__init__(loader)
entrenado en 10.0 min → sidecar/entrenamiento/v1/lr1e-5/final
{'loss': '32.94', 'grad_norm': '1151', 'learning_rate': '1.125e-05', 'epoch': '0.09548'}
{'loss': '20.29', 'grad_norm': '197.1', 'learning_rate': '2.313e-05', 'epoch': '0.191'}
{'loss': '15.6', 'grad_norm': '1388', 'learning_rate': '3.5e-05', 'epoch': '0.2864'}
{'loss': '15.96', 'grad_norm': '493.4', 'learning_rate': '4.688e-05', 'epoch': '0.3819'}
{'loss': '15.79', 'grad_norm': '138', 'learning_rate': '4.902e-05', 'epoch': '0.4774'}
{'loss': '16.39', 'grad_norm': '394.2', 'learning_rate': '4.768e-05', 'epoch': '0.5729'}
{'loss': '13.94', 'grad_norm': '144.2', 'learning_rate': '4.635e-05', 'epoch': '0.6683'}
{'loss': '15.47', 'grad_norm': '306.2', 'learning_rate': '4.501e-05', 'epoch': '0.7638'}
{'loss': '11.64', 'grad_norm': '326.2', 'learning_rate': '4.368e-05', 'epoch': '0.8593'}
{'loss': '12.46', 'grad_norm': '159.1', 'learning_rate': '4.235e-05', 'epoch': '0.9548'}
{'eval_loss': '22.64', 'eval_runtime': '1.696', 'eval_samples_per_second': '35.38', 'eval_steps_per_second': '4.717', 'epoch': '1'}
{'loss': '15.81', 'grad_norm': '88.67', 'learning_rate': '4.101e-05', 'epoch': '1.05'}
{'loss': '9.518', 'grad_norm': '279.7', 'learning_rate': '3.968e-05', 'epoch': '1.146'}
{'loss': '11.08', 'grad_norm': '348.1', 'learning_rate': '3.834e-05', 'epoch': '1.241'}
{'loss': '13.24', 'grad_norm': '156.7', 'learning_rate': '3.701e-05', 'epoch': '1.337'}
{'loss': '8.874', 'grad_norm': '166.9', 'learning_rate': '3.567e-05', 'epoch': '1.432'}
{'loss': '11.67', 'grad_norm': '237.2', 'learning_rate': '3.434e-05', 'epoch': '1.528'}
{'loss': '12.78', 'grad_norm': '300.3', 'learning_rate': '3.301e-05', 'epoch': '1.623'}
{'loss': '14.72', 'grad_norm': '956', 'learning_rate': '3.167e-05', 'epoch': '1.719'}
{'loss': '12.32', 'grad_norm': '312.6', 'learning_rate': '3.034e-05', 'epoch': '1.814'}
{'loss': '11.94', 'grad_norm': '167.9', 'learning_rate': '2.9e-05', 'epoch': '1.91'}
{'eval_loss': '19.11', 'eval_runtime': '1.899', 'eval_samples_per_second': '31.59', 'eval_steps_per_second': '4.212', 'epoch': '2'}
{'loss': '11.23', 'grad_norm': '151.2', 'learning_rate': '2.767e-05', 'epoch': '2.005'}
{'loss': '8.871', 'grad_norm': '443.3', 'learning_rate': '2.633e-05', 'epoch': '2.101'}
{'loss': '11.85', 'grad_norm': '225.4', 'learning_rate': '2.5e-05', 'epoch': '2.196'}
{'loss': '14.45', 'grad_norm': '288.5', 'learning_rate': '2.367e-05', 'epoch': '2.291'}
{'loss': '11.08', 'grad_norm': '212.7', 'learning_rate': '2.233e-05', 'epoch': '2.387'}
{'loss': '8.651', 'grad_norm': '227.8', 'learning_rate': '2.1e-05', 'epoch': '2.482'}
{'loss': '12.02', 'grad_norm': '238.3', 'learning_rate': '1.966e-05', 'epoch': '2.578'}
{'loss': '10.46', 'grad_norm': '150.2', 'learning_rate': '1.833e-05', 'epoch': '2.673'}
{'loss': '10.5', 'grad_norm': '152.3', 'learning_rate': '1.699e-05', 'epoch': '2.769'}
{'loss': '11.6', 'grad_norm': '149.4', 'learning_rate': '1.566e-05', 'epoch': '2.864'}
{'loss': '8.231', 'grad_norm': '161.1', 'learning_rate': '1.433e-05', 'epoch': '2.96'}
{'eval_loss': '25.13', 'eval_runtime': '1.994', 'eval_samples_per_second': '30.09', 'eval_steps_per_second': '4.012', 'epoch': '3'}
{'loss': '9.524', 'grad_norm': '511.2', 'learning_rate': '1.299e-05', 'epoch': '3.055'}
{'loss': '9.266', 'grad_norm': '193.3', 'learning_rate': '1.166e-05', 'epoch': '3.151'}
{'loss': '9.102', 'grad_norm': '127.7', 'learning_rate': '1.032e-05', 'epoch': '3.246'}
{'loss': '9.705', 'grad_norm': '251.6', 'learning_rate': '8.989e-06', 'epoch': '3.342'}
{'loss': '8.492', 'grad_norm': '120.9', 'learning_rate': '7.654e-06', 'epoch': '3.437'}
{'loss': '10.85', 'grad_norm': '171.7', 'learning_rate': '6.32e-06', 'epoch': '3.533'}
{'loss': '12.88', 'grad_norm': '253.2', 'learning_rate': '4.986e-06', 'epoch': '3.628'}
{'loss': '9.647', 'grad_norm': '78.97', 'learning_rate': '3.652e-06', 'epoch': '3.724'}
{'loss': '10.19', 'grad_norm': '124.6', 'learning_rate': '2.317e-06', 'epoch': '3.819'}
{'loss': '9.633', 'grad_norm': '141.9', 'learning_rate': '9.831e-07', 'epoch': '3.915'}
{'eval_loss': '22.26', 'eval_runtime': '1.922', 'eval_samples_per_second': '31.22', 'eval_steps_per_second': '4.163', 'epoch': '3.98'}
{'train_runtime': '597', 'train_samples_per_second': '10.61', 'train_steps_per_second': '1.327', 'train_loss': '12.41', 'epoch': '3.98'}
── entrenar lr=2e-5 → sidecar/entrenamiento/v1/lr2e-5
1587 ejemplos de entrenamiento · 60 de validación → sidecar/entrenamiento/v1/lr2e-5
embeddings de vocabulario congelados: 192M parámetros
[transformers] warmup_ratio is deprecated and will be removed in v5.2. Use `warmup_steps` instead.
[transformers] The tokenizer has new PAD/BOS/EOS tokens that differ from the model config and generation config. The model config and generation config were aligned accordingly, being updated with the tokenizer's values. Updated tokens: {'eos_token_id': 2, 'bos_token_id': 1, 'pad_token_id': 0}.
  super().__init__(loader)
  super().__init__(loader)
  super().__init__(loader)
  super().__init__(loader)
entrenado en 10.1 min → sidecar/entrenamiento/v1/lr2e-5/final
{'loss': '36.12', 'grad_norm': '814.4', 'learning_rate': '1.125e-05', 'epoch': '0.09548'}
{'loss': '22.03', 'grad_norm': '263.1', 'learning_rate': '2.313e-05', 'epoch': '0.191'}
{'loss': '15.51', 'grad_norm': '347.5', 'learning_rate': '3.5e-05', 'epoch': '0.2864'}
{'loss': '16.38', 'grad_norm': '423.9', 'learning_rate': '4.688e-05', 'epoch': '0.3819'}
{'loss': '13.85', 'grad_norm': '228.5', 'learning_rate': '4.902e-05', 'epoch': '0.4774'}
{'loss': '14.76', 'grad_norm': '793.2', 'learning_rate': '4.768e-05', 'epoch': '0.5729'}
{'loss': '18.29', 'grad_norm': '239.1', 'learning_rate': '4.635e-05', 'epoch': '0.6683'}
{'loss': '12.7', 'grad_norm': '430.3', 'learning_rate': '4.501e-05', 'epoch': '0.7638'}
{'loss': '12.64', 'grad_norm': '142.8', 'learning_rate': '4.368e-05', 'epoch': '0.8593'}
{'loss': '12.65', 'grad_norm': '185.4', 'learning_rate': '4.235e-05', 'epoch': '0.9548'}
{'eval_loss': '19.66', 'eval_runtime': '1.828', 'eval_samples_per_second': '32.82', 'eval_steps_per_second': '4.376', 'epoch': '1'}
{'loss': '14.57', 'grad_norm': '86.61', 'learning_rate': '4.101e-05', 'epoch': '1.05'}
{'loss': '9.961', 'grad_norm': '180.7', 'learning_rate': '3.968e-05', 'epoch': '1.146'}
{'loss': '10.37', 'grad_norm': '259.7', 'learning_rate': '3.834e-05', 'epoch': '1.241'}
{'loss': '14.31', 'grad_norm': '295.4', 'learning_rate': '3.701e-05', 'epoch': '1.337'}
{'loss': '11.62', 'grad_norm': '172.7', 'learning_rate': '3.567e-05', 'epoch': '1.432'}
{'loss': '9.743', 'grad_norm': '156.3', 'learning_rate': '3.434e-05', 'epoch': '1.528'}
{'loss': '14.99', 'grad_norm': '432.8', 'learning_rate': '3.301e-05', 'epoch': '1.623'}
{'loss': '13.69', 'grad_norm': '715.9', 'learning_rate': '3.167e-05', 'epoch': '1.719'}
{'loss': '14.2', 'grad_norm': '323.3', 'learning_rate': '3.034e-05', 'epoch': '1.814'}
{'loss': '10.64', 'grad_norm': '183.3', 'learning_rate': '2.9e-05', 'epoch': '1.91'}
{'eval_loss': '21.37', 'eval_runtime': '1.805', 'eval_samples_per_second': '33.25', 'eval_steps_per_second': '4.433', 'epoch': '2'}
{'loss': '12.23', 'grad_norm': '115', 'learning_rate': '2.767e-05', 'epoch': '2.005'}
{'loss': '10.48', 'grad_norm': '215.6', 'learning_rate': '2.633e-05', 'epoch': '2.101'}
{'loss': '12.09', 'grad_norm': '446.3', 'learning_rate': '2.5e-05', 'epoch': '2.196'}
{'loss': '11.97', 'grad_norm': '336', 'learning_rate': '2.367e-05', 'epoch': '2.291'}
{'loss': '9.69', 'grad_norm': '73.37', 'learning_rate': '2.233e-05', 'epoch': '2.387'}
{'loss': '8.584', 'grad_norm': '504.9', 'learning_rate': '2.1e-05', 'epoch': '2.482'}
{'loss': '11.08', 'grad_norm': '250.8', 'learning_rate': '1.966e-05', 'epoch': '2.578'}
{'loss': '10.23', 'grad_norm': '74.52', 'learning_rate': '1.833e-05', 'epoch': '2.673'}
{'loss': '9.833', 'grad_norm': '305.1', 'learning_rate': '1.699e-05', 'epoch': '2.769'}
{'loss': '9.467', 'grad_norm': '265.2', 'learning_rate': '1.566e-05', 'epoch': '2.864'}
{'loss': '7.889', 'grad_norm': '125.4', 'learning_rate': '1.433e-05', 'epoch': '2.96'}
{'eval_loss': '24.03', 'eval_runtime': '1.953', 'eval_samples_per_second': '30.72', 'eval_steps_per_second': '4.095', 'epoch': '3'}
{'loss': '8.061', 'grad_norm': '676.7', 'learning_rate': '1.299e-05', 'epoch': '3.055'}
{'loss': '10.42', 'grad_norm': '511.1', 'learning_rate': '1.166e-05', 'epoch': '3.151'}
{'loss': '8.142', 'grad_norm': '154.5', 'learning_rate': '1.032e-05', 'epoch': '3.246'}
{'loss': '9.016', 'grad_norm': '210.5', 'learning_rate': '8.989e-06', 'epoch': '3.342'}
{'loss': '8.395', 'grad_norm': '463', 'learning_rate': '7.654e-06', 'epoch': '3.437'}
{'loss': '9.489', 'grad_norm': '195.2', 'learning_rate': '6.32e-06', 'epoch': '3.533'}
{'loss': '9.831', 'grad_norm': '231.8', 'learning_rate': '4.986e-06', 'epoch': '3.628'}
{'loss': '9.238', 'grad_norm': '148.5', 'learning_rate': '3.652e-06', 'epoch': '3.724'}
{'loss': '10.35', 'grad_norm': '194.4', 'learning_rate': '2.317e-06', 'epoch': '3.819'}
{'loss': '8.772', 'grad_norm': '32.95', 'learning_rate': '9.831e-07', 'epoch': '3.915'}
{'eval_loss': '24.92', 'eval_runtime': '1.858', 'eval_samples_per_second': '32.3', 'eval_steps_per_second': '4.306', 'epoch': '3.98'}
{'train_runtime': '601.9', 'train_samples_per_second': '10.53', 'train_steps_per_second': '1.316', 'train_loss': '12.25', 'epoch': '3.98'}
── evaluar sobre val

val: 60 párrafos · umbral 0.5 / relaciones 0.5

                        gliner-relex-multi-v1.                   final                   final                   final
persona                   0.92/0.99/0.96 (179)    0.95/0.99/0.97 (179)    0.96/0.99/0.98 (179)    0.96/0.99/0.98 (179)
organizacion              0.57/0.87/0.69 ( 69)    0.55/0.90/0.69 ( 69)    0.54/0.88/0.67 ( 69)    0.59/0.84/0.69 ( 69)
lugar                     0.62/0.22/0.32 ( 37)    0.61/0.62/0.61 ( 37)    0.58/0.70/0.63 ( 37)    0.65/0.70/0.68 ( 37)
cargo                     0.61/0.30/0.41 ( 46)    0.51/0.78/0.62 ( 46)    0.51/0.85/0.64 ( 46)    0.51/0.83/0.63 ( 46)
ley                       0.40/1.00/0.57 (  2)    0.67/1.00/0.80 (  2)    0.50/1.00/0.67 (  2)    0.67/1.00/0.80 (  2)
obra                      1.00/0.30/0.46 ( 10)    0.88/0.70/0.78 ( 10)    0.86/0.60/0.71 ( 10)    0.78/0.70/0.74 ( 10)
monto                     0.46/0.86/0.60 (  7)    0.40/0.86/0.55 (  7)    0.35/1.00/0.52 (  7)    0.32/1.00/0.48 (  7)
ENTIDADES                       0.76/0.77/0.77          0.72/0.90/0.80          0.71/0.91/0.80          0.73/0.90/0.81
ocupa el cargo            0.19/0.20/0.19 ( 30)    0.26/0.63/0.37 ( 30)    0.26/0.67/0.38 ( 30)    0.22/0.77/0.35 ( 30)
parte de                  0.00/0.00/0.00 ( 11)    0.00/0.00/0.00 ( 11)    0.00/0.00/0.00 ( 11)    0.03/0.09/0.05 ( 11)
aliado de                 0.00/0.00/0.00 (  6)    0.10/0.50/0.17 (  8)    0.11/0.57/0.18 (  7)    0.14/0.29/0.19 (  7)
hijo de                   0.46/0.75/0.57 (  8)    0.62/0.62/0.62 (  8)    0.80/0.50/0.62 (  8)    0.67/0.50/0.57 (  8)
se reunió con             0.20/0.50/0.29 (  4)    0.11/0.67/0.19 (  6)    0.12/0.83/0.21 (  6)    0.17/0.86/0.28 (  7)
apoyó a                   0.14/0.14/0.14 (  7)    0.12/0.29/0.17 (  7)    0.18/0.57/0.28 (  7)    0.14/0.57/0.22 (  7)
cónyuge o pareja de       0.50/0.75/0.60 (  4)    0.60/1.00/0.75 (  6)    0.60/1.00/0.75 (  6)    0.35/1.00/0.52 (  6)
miembro de                0.03/0.40/0.05 (  5)    0.11/0.83/0.19 (  6)    0.09/0.80/0.16 (  5)    0.10/0.83/0.18 (  6)
familiar de               0.14/1.00/0.25 (  2)    0.21/1.00/0.34 (  5)    0.20/1.00/0.33 (  6)    0.26/1.00/0.41 (  6)
hermano de                0.14/1.00/0.24 (  3)    0.55/1.00/0.71 (  6)    0.46/1.00/0.63 (  6)    0.38/1.00/0.55 (  6)
fundó                     0.00/0.00/0.00 (  4)    0.30/0.60/0.40 (  5)    0.00/0.00/0.00 (  4)    0.27/0.60/0.37 (  5)
padre o madre de          0.11/0.40/0.17 (  5)    0.25/0.40/0.31 (  5)    0.25/0.60/0.35 (  5)    0.23/0.60/0.33 (  5)
trabaja en                0.00/0.00/0.00 (  4)    0.00/0.00/0.00 (  4)    0.06/0.25/0.10 (  4)    0.06/0.50/0.10 (  4)
asesor de                 0.33/0.50/0.40 (  2)    0.22/1.00/0.36 (  2)    0.25/1.00/0.40 (  2)    0.22/1.00/0.36 (  2)
citado en                 0.00/0.00/0.00 (  1)    0.05/1.00/0.09 (  2)    0.03/1.00/0.06 (  1)    0.05/1.00/0.09 (  2)
dueño de                  0.00/0.00/0.00 (  2)    0.50/0.50/0.50 (  2)    0.50/0.50/0.50 (  2)    0.17/0.50/0.25 (  2)
nombró a                  1.00/0.50/0.67 (  2)    0.50/0.50/0.50 (  2)    0.50/0.50/0.50 (  2)    0.33/0.50/0.40 (  2)
aspira a                  0.00/0.00/0.00 (  2)    0.00/0.00/0.00 (  2)    0.00/0.00/0.00 (  2)    0.00/0.00/0.00 (  2)
investigado por           0.00/0.00/0.00 (  1)    0.12/1.00/0.22 (  1)    0.00/0.00/0.00 (  1)    0.14/1.00/0.25 (  1)
ubicado en                0.00/0.00/0.00 (  1)    0.00/0.00/0.00 (  1)    0.00/0.00/0.00 (  1)    0.00/0.00/0.00 (  1)
donó a                    0.00/0.00/0.00 (  1)    1.00/1.00/1.00 (  1)    1.00/1.00/1.00 (  1)    0.00/0.00/0.00 (  1)
renunció a                0.00/0.00/0.00 (  1)    0.00/0.00/0.00 (  1)    0.00/0.00/0.00 (  1)    0.00/0.00/0.00 (  1)
financia a                0.00/0.00/0.00 (  0)    0.00/0.00/0.00 (  0)                       —                       —
destinado a               0.00/0.00/0.00 (  0)    0.00/0.00/0.00 (  0)    0.00/0.00/0.00 (  0)    0.00/0.00/0.00 (  0)
opositor de               0.00/0.00/0.00 (  0)    0.00/0.00/0.00 (  0)    0.00/0.00/0.00 (  0)    0.00/0.00/0.00 (  0)
socio de                  0.00/0.00/0.00 (  0)    0.00/0.00/0.00 (  0)    0.00/0.00/0.00 (  0)    0.00/0.00/0.00 (  0)
autor de                  0.00/0.00/0.00 (  0)    0.00/0.00/0.00 (  0)    0.00/0.00/0.00 (  0)    0.00/0.00/0.00 (  0)
condenado por             0.00/0.00/0.00 (  0)                       —    0.00/0.00/0.00 (  0)    0.00/0.00/0.00 (  0)
criticó a                 0.00/0.00/0.00 (  0)    0.00/0.00/0.00 (  0)    0.00/0.00/0.00 (  0)    0.00/0.00/0.00 (  0)
sanciona con              0.00/0.00/0.00 (  0)                       —    0.00/0.00/0.00 (  0)    0.00/0.00/0.00 (  0)
sucedió a                 0.00/0.00/0.00 (  0)                       —                       —                       —
acusado de                0.00/0.00/0.00 (  0)    0.00/0.00/0.00 (  0)    0.00/0.00/0.00 (  0)    0.00/0.00/0.00 (  0)
dirige                    0.00/0.00/0.00 (  0)    0.00/0.00/0.00 (  0)    0.00/0.00/0.00 (  0)    0.00/0.00/0.00 (  0)
contrató a                                   —                       —                       —    0.00/0.00/0.00 (  0)
demandó a                 0.00/0.00/0.00 (  0)    0.00/0.00/0.00 (  0)    0.00/0.00/0.00 (  0)                       —
RELACIONES                      0.10/0.27/0.14          0.13/0.57/0.21          0.15/0.58/0.24          0.13/0.64/0.22
dirección correcta                         79%                     85%                     86%                     84%
segundos                                     5                       4                       4                       4

→ sidecar/entrenamiento/v1/evaluacion-val.json
